node.exe : npm warn Unknown cli config "--run". This will stop working in the next major version of npm.
At C:\nvm4w\nodejs\npm.ps1:16 char:5
+     & "$basedir/node$exe"  "$basedir/node_modules/npm/bin/npm-cli.js" ...
+     ~~~~~~~~~~~~~~~~~~~~~~~~~~~~~~~~~~~~~~~~~~~~~~~~~~~~~~~~~~~~~~~~~
    + CategoryInfo          : NotSpecified: (npm warn Unknow...version of npm.:String) [], RemoteException
    + FullyQualifiedErrorId : NativeCommandError
 

> gabrieltoth.com@1.8.20 test
> vitest --run --passWithNoTests src/__tests__/app/ssr-chunks-serialization.test.ts


[1m[46m RUN [49m[22m [36mv4.0.18 [39m[90mC:/Users/gabri/Documents/GitHub/gabrieltoth.com[39m

[90mstdout[2m | src/__tests__/app/ssr-chunks-serialization.test.ts[2m > [22m[2mSSR Chunks Serialization - Bug Condition Exploration[2m > [22m[2mshould complete build successfully without serialization errors
[22m[39mBuild Error Output: Command failed: npm run build
npm warn Unknown env config "run". This will stop working in the next major version of npm.

[2m[333.55ms][22m [@tailwindcss/postcss] src\app\globals.css
[2m[  0.07ms][22m  [2m Γå│ [22mQuick bail check
[2m[ 22.40ms][22m  [2m Γå│ [22mSetup compiler
[2m[  0.34ms][22m    [2m Γå│ [22mPostCSS AST -> Tailwind CSS AST
[2m[ 22.04ms][22m    [2m Γå│ [22mCreate compiler
[2m[  0.20ms][22m  [2m Γå│ [22mRegister full rebuild paths
[2m[  1.33ms][22m  [2m Γå│ [22mSetup scanner
[2m[120.84ms][22m  [2m Γå│ [22mScan for candidates
[2m[150.72ms][22m  [2m Γå│ [22mRegister dependency messages
[2m[ 31.39ms][22m  [2m Γå│ [22mBuild utilities
[2m[  4.67ms][22m  [2m Γå│ [22mTransform Tailwind CSS AST into PostCSS AST
[2m[  1.58ms][22m  [2m Γå│ [22mUpdate PostCSS AST

Error: MISSING_MESSAGE: auth (pt-BR)
    at <unknown> (C:\Users\gabri\Documents\GitHub\gabrieltoth.com\.next\server\chunks\ssr\_d49b6e04._.js:1:25311)
    at i (C:\Users\gabri\Documents\GitHub\gabrieltoth.com\.next\server\chunks\ssr\src_81a800ca._.js:1:4308) {
  code: 'MISSING_MESSAGE',
  originalMessage: 'auth (pt-BR)'
}
Error: MISSING_MESSAGE: auth (pt-BR)
    at <unknown> (C:\Users\gabri\Documents\GitHub\gabrieltoth.com\.next\server\chunks\ssr\_d49b6e04._.js:1:25311)
    at i (C:\Users\gabri\Documents\GitHub\gabrieltoth.com\.next\server\chunks\ssr\src_81a800ca._.js:1:4308) {
  code: 'MISSING_MESSAGE',
  originalMessage: 'auth (pt-BR)'
}
Error: MISSING_MESSAGE: auth (pt-BR)
    at <unknown> (C:\Users\gabri\Documents\GitHub\gabrieltoth.com\.next\server\chunks\ssr\_d49b6e04._.js:1:25311)
    at i (C:\Users\gabri\Documents\GitHub\gabrieltoth.com\.next\server\chunks\ssr\src_81a800ca._.js:1:4308) {
  code: 'MISSING_MESSAGE',
  originalMessage: 'auth (pt-BR)'
}
Error: MISSING_MESSAGE: auth (pt-BR)
    at <unknown> (C:\Users\gabri\Documents\GitHub\gabrieltoth.com\.next\server\chunks\ssr\_d49b6e04._.js:1:25311)
    at i (C:\Users\gabri\Documents\GitHub\gabrieltoth.com\.next\server\chunks\ssr\src_81a800ca._.js:1:4308) {
  code: 'MISSING_MESSAGE',
  originalMessage: 'auth (pt-BR)'
}
Error: MISSING_MESSAGE: auth (pt-BR)
    at <unknown> (C:\Users\gabri\Documents\GitHub\gabrieltoth.com\.next\server\chunks\ssr\_d49b6e04._.js:1:25311)
    at i (C:\Users\gabri\Documents\GitHub\gabrieltoth.com\.next\server\chunks\ssr\src_81a800ca._.js:1:4308) {
  code: 'MISSING_MESSAGE',
  originalMessage: 'auth (pt-BR)'
}
Error: MISSING_MESSAGE: auth (pt-BR)
    at <unknown> (C:\Users\gabri\Documents\GitHub\gabrieltoth.com\.next\server\chunks\ssr\_d49b6e04._.js:1:25311)
    at i (C:\Users\gabri\Documents\GitHub\gabrieltoth.com\.next\server\chunks\ssr\src_81a800ca._.js:1:4308) {
  code: 'MISSING_MESSAGE',
  originalMessage: 'auth (pt-BR)'
}
Error: MISSING_MESSAGE: auth (pt-BR)
    at <unknown> (C:\Users\gabri\Documents\GitHub\gabrieltoth.com\.next\server\chunks\ssr\_d49b6e04._.js:1:25311)
    at i (C:\Users\gabri\Documents\GitHub\gabrieltoth.com\.next\server\chunks\ssr\src_81a800ca._.js:1:4308) {
  code: 'MISSING_MESSAGE',
  originalMessage: 'auth (pt-BR)'
}
Error: MISSING_MESSAGE: auth (pt-BR)
    at <unknown> (C:\Users\gabri\Documents\GitHub\gabrieltoth.com\.next\server\chunks\ssr\_d49b6e04._.js:1:25311)
    at i (C:\Users\gabri\Documents\GitHub\gabrieltoth.com\.next\server\chunks\ssr\src_81a800ca._.js:1:4308) {
  code: 'MISSING_MESSAGE',
  originalMessage: 'auth (pt-BR)'
}
Error: MISSING_MESSAGE: auth (pt-BR)
    at <unknown> (C:\Users\gabri\Documents\GitHub\gabrieltoth.com\.next\server\chunks\ssr\_d49b6e04._.js:1:25311)
    at i (C:\Users\gabri\Documents\GitHub\gabrieltoth.com\.next\server\chunks\ssr\src_81a800ca._.js:1:4308) {
  code: 'MISSING_MESSAGE',
  originalMessage: 'auth (pt-BR)'
}
Error: MISSING_MESSAGE: auth (pt-BR)
    at <unknown> (C:\Users\gabri\Documents\GitHub\gabrieltoth.com\.next\server\chunks\ssr\_d49b6e04._.js:1:25311)
    at i (C:\Users\gabri\Documents\GitHub\gabrieltoth.com\.next\server\chunks\ssr\src_81a800ca._.js:1:4308) {
  code: 'MISSING_MESSAGE',
  originalMessage: 'auth (pt-BR)'
}
Error: MISSING_MESSAGE: auth (es)
    at <unknown> (C:\Users\gabri\Documents\GitHub\gabrieltoth.com\.next\server\chunks\ssr\_d49b6e04._.js:1:25311)
    at i (C:\Users\gabri\Documents\GitHub\gabrieltoth.com\.next\server\chunks\ssr\src_81a800ca._.js:1:4308) {
  code: 'MISSING_MESSAGE',
  originalMessage: 'auth (es)'
}
Error: MISSING_MESSAGE: auth (es)
    at <unknown> (C:\Users\gabri\Documents\GitHub\gabrieltoth.com\.next\server\chunks\ssr\_d49b6e04._.js:1:25311)
    at i (C:\Users\gabri\Documents\GitHub\gabrieltoth.com\.next\server\chunks\ssr\src_81a800ca._.js:1:4308) {
  code: 'MISSING_MESSAGE',
  originalMessage: 'auth (es)'
}
Error: MISSING_MESSAGE: auth (es)
    at <unknown> (C:\Users\gabri\Documents\GitHub\gabrieltoth.com\.next\server\chunks\ssr\_d49b6e04._.js:1:25311)
    at i (C:\Users\gabri\Documents\GitHub\gabrieltoth.com\.next\server\chunks\ssr\src_81a800ca._.js:1:4308) {
  code: 'MISSING_MESSAGE',
  originalMessage: 'auth (es)'
}
Error: MISSING_MESSAGE: auth (es)
    at <unknown> (C:\Users\gabri\Documents\GitHub\gabrieltoth.com\.next\server\chunks\ssr\_d49b6e04._.js:1:25311)
    at i (C:\Users\gabri\Documents\GitHub\gabrieltoth.com\.next\server\chunks\ssr\src_81a800ca._.js:1:4308) {
  code: 'MISSING_MESSAGE',
  originalMessage: 'auth (es)'
}
Error: MISSING_MESSAGE: auth (es)
    at <unknown> (C:\Users\gabri\Documents\GitHub\gabrieltoth.com\.next\server\chunks\ssr\_d49b6e04._.js:1:25311)
    at i (C:\Users\gabri\Documents\GitHub\gabrieltoth.com\.next\server\chunks\ssr\src_81a800ca._.js:1:4308) {
  code: 'MISSING_MESSAGE',
  originalMessage: 'auth (es)'
}
Error: MISSING_MESSAGE: auth (es)
    at <unknown> (C:\Users\gabri\Documents\GitHub\gabrieltoth.com\.next\server\chunks\ssr\_d49b6e04._.js:1:25311)
    at i (C:\Users\gabri\Documents\GitHub\gabrieltoth.com\.next\server\chunks\ssr\src_81a800ca._.js:1:4308) {
  code: 'MISSING_MESSAGE',
  originalMessage: 'auth (es)'
}
Error: MISSING_MESSAGE: auth (es)
    at <unknown> (C:\Users\gabri\Documents\GitHub\gabrieltoth.com\.next\server\chunks\ssr\_d49b6e04._.js:1:25311)
    at i (C:\Users\gabri\Documents\GitHub\gabrieltoth.com\.next\server\chunks\ssr\src_81a800ca._.js:1:4308) {
  code: 'MISSING_MESSAGE',
  originalMessage: 'auth (es)'
}
Error: MISSING_MESSAGE: auth (es)
    at <unknown> (C:\Users\gabri\Documents\GitHub\gabrieltoth.com\.next\server\chunks\ssr\_d49b6e04._.js:1:25311)
    at i (C:\Users\gabri\Documents\GitHub\gabrieltoth.com\.next\server\chunks\ssr\src_81a800ca._.js:1:4308) {
  code: 'MISSING_MESSAGE',
  originalMessage: 'auth (es)'
}
Error: MISSING_MESSAGE: auth (es)
    at <unknown> (C:\Users\gabri\Documents\GitHub\gabrieltoth.com\.next\server\chunks\ssr\_d49b6e04._.js:1:25311)
    at i (C:\Users\gabri\Documents\GitHub\gabrieltoth.com\.next\server\chunks\ssr\src_81a800ca._.js:1:4308) {
  code: 'MISSING_MESSAGE',
  originalMessage: 'auth (es)'
}
Error: MISSING_MESSAGE: auth (es)
    at <unknown> (C:\Users\gabri\Documents\GitHub\gabrieltoth.com\.next\server\chunks\ssr\_d49b6e04._.js:1:25311)
    at i (C:\Users\gabri\Documents\GitHub\gabrieltoth.com\.next\server\chunks\ssr\src_81a800ca._.js:1:4308) {
  code: 'MISSING_MESSAGE',
  originalMessage: 'auth (es)'
}
Error: MISSING_MESSAGE: auth (de)
    at <unknown> (C:\Users\gabri\Documents\GitHub\gabrieltoth.com\.next\server\chunks\ssr\_d49b6e04._.js:1:25311)
    at i (C:\Users\gabri\Documents\GitHub\gabrieltoth.com\.next\server\chunks\ssr\src_81a800ca._.js:1:4308) {
  code: 'MISSING_MESSAGE',
  originalMessage: 'auth (de)'
}
Error: MISSING_MESSAGE: auth (de)
    at <unknown> (C:\Users\gabri\Documents\GitHub\gabrieltoth.com\.next\server\chunks\ssr\_d49b6e04._.js:1:25311)
    at i (C:\Users\gabri\Documents\GitHub\gabrieltoth.com\.next\server\chunks\ssr\src_81a800ca._.js:1:4308) {
  code: 'MISSING_MESSAGE',
  originalMessage: 'auth (de)'
}
Error: MISSING_MESSAGE: auth (de)
    at <unknown> (C:\Users\gabri\Documents\GitHub\gabrieltoth.com\.next\server\chunks\ssr\_d49b6e04._.js:1:25311)
    at i (C:\Users\gabri\Documents\GitHub\gabrieltoth.com\.next\server\chunks\ssr\src_81a800ca._.js:1:4308) {
  code: 'MISSING_MESSAGE',
  originalMessage: 'auth (de)'
}
Error: MISSING_MESSAGE: auth (de)
    at <unknown> (C:\Users\gabri\Documents\GitHub\gabrieltoth.com\.next\server\chunks\ssr\_d49b6e04._.js:1:25311)
    at i (C:\Users\gabri\Documents\GitHub\gabrieltoth.com\.next\server\chunks\ssr\src_81a800ca._.js:1:4308) {
  code: 'MISSING_MESSAGE',
  originalMessage: 'auth (de)'
}
Error: MISSING_MESSAGE: auth (de)
    at <unknown> (C:\Users\gabri\Documents\GitHub\gabrieltoth.com\.next\server\chunks\ssr\_d49b6e04._.js:1:25311)
    at i (C:\Users\gabri\Documents\GitHub\gabrieltoth.com\.next\server\chunks\ssr\src_81a800ca._.js:1:4308) {
  code: 'MISSING_MESSAGE',
  originalMessage: 'auth (de)'
}
Error: MISSING_MESSAGE: auth (de)
    at <unknown> (C:\Users\gabri\Documents\GitHub\gabrieltoth.com\.next\server\chunks\ssr\_d49b6e04._.js:1:25311)
    at i (C:\Users\gabri\Documents\GitHub\gabrieltoth.com\.next\server\chunks\ssr\src_81a800ca._.js:1:4308) {
  code: 'MISSING_MESSAGE',
  originalMessage: 'auth (de)'
}
Error: MISSING_MESSAGE: auth (de)
    at <unknown> (C:\Users\gabri\Documents\GitHub\gabrieltoth.com\.next\server\chunks\ssr\_d49b6e04._.js:1:25311)
    at i (C:\Users\gabri\Documents\GitHub\gabrieltoth.com\.next\server\chunks\ssr\src_81a800ca._.js:1:4308) {
  code: 'MISSING_MESSAGE',
  originalMessage: 'auth (de)'
}
Error: MISSING_MESSAGE: auth (de)
    at <unknown> (C:\Users\gabri\Documents\GitHub\gabrieltoth.com\.next\server\chunks\ssr\_d49b6e04._.js:1:25311)
    at i (C:\Users\gabri\Documents\GitHub\gabrieltoth.com\.next\server\chunks\ssr\src_81a800ca._.js:1:4308) {
  code: 'MISSING_MESSAGE',
  originalMessage: 'auth (de)'
}
Error: MISSING_MESSAGE: auth (de)
    at <unknown> (C:\Users\gabri\Documents\GitHub\gabrieltoth.com\.next\server\chunks\ssr\_d49b6e04._.js:1:25311)
    at i (C:\Users\gabri\Documents\GitHub\gabrieltoth.com\.next\server\chunks\ssr\src_81a800ca._.js:1:4308) {
  code: 'MISSING_MESSAGE',
  originalMessage: 'auth (de)'
}
Error: MISSING_MESSAGE: auth (de)
    at <unknown> (C:\Users\gabri\Documents\GitHub\gabrieltoth.com\.next\server\chunks\ssr\_d49b6e04._.js:1:25311)
    at i (C:\Users\gabri\Documents\GitHub\gabrieltoth.com\.next\server\chunks\ssr\src_81a800ca._.js:1:4308) {
  code: 'MISSING_MESSAGE',
  originalMessage: 'auth (de)'
}
Error occurred prerendering page "/pt-BR/login". Read more: https://nextjs.org/docs/messages/prerender-error
Error: `getTranslations` is not supported in Client Components.
    at <unknown> (C:\Users\gabri\Documents\GitHub\gabrieltoth.com\.next\server\chunks\ssr\src_81a800ca._.js:1:90)
    at f (C:\Users\gabri\Documents\GitHub\gabrieltoth.com\.next\server\chunks\ssr\src_81a800ca._.js:1:353) {
  digest: '4009068094'
}
Export encountered an error on /[locale]/login/page: /pt-BR/login, exiting the build.
Error occurred prerendering page "/_not-found". Read more: https://nextjs.org/docs/messages/prerender-error
ReferenceError: Header is not defined
    at h (C:\Users\gabri\Documents\GitHub\gabrieltoth.com\.next\server\chunks\ssr\_de90e1db._.js:1:3850) {
  digest: '3927618404'
}
Export encountered an error on /_not-found/page: /_not-found, exiting the build.
Γ¿» Next.js build worker exited with code: 1 and signal: null

npm warn Unknown env config "run". This will stop working in the next major version of npm.

[2m[333.55ms][22m [@tailwindcss/postcss] src\app\globals.css
[2m[  0.07ms][22m  [2m Γå│ [22mQuick bail check
[2m[ 22.40ms][22m  [2m Γå│ [22mSetup compiler
[2m[  0.34ms][22m    [2m Γå│ [22mPostCSS AST -> Tailwind CSS AST
[2m[ 22.04ms][22m    [2m Γå│ [22mCreate compiler
[2m[  0.20ms][22m  [2m Γå│ [22mRegister full rebuild paths
[2m[  1.33ms][22m  [2m Γå│ [22mSetup scanner
[2m[120.84ms][22m  [2m Γå│ [22mScan for candidates
[2m[150.72ms][22m  [2m Γå│ [22mRegister dependency messages
[2m[ 31.39ms][22m  [2m Γå│ [22mBuild utilities
[2m[  4.67ms][22m  [2m Γå│ [22mTransform Tailwind CSS AST into PostCSS AST
[2m[  1.58ms][22m  [2m Γå│ [22mUpdate PostCSS AST

Error: MISSING_MESSAGE: auth (pt-BR)
    at <unknown> (C:\Users\gabri\Documents\GitHub\gabrieltoth.com\.next\server\chunks\ssr\_d49b6e04._.js:1:25311)
    at i (C:\Users\gabri\Documents\GitHub\gabrieltoth.com\.next\server\chunks\ssr\src_81a800ca._.js:1:4308) {
  code: 'MISSING_MESSAGE',
  originalMessage: 'auth (pt-BR)'
}
Error: MISSING_MESSAGE: auth (pt-BR)
    at <unknown> (C:\Users\gabri\Documents\GitHub\gabrieltoth.com\.next\server\chunks\ssr\_d49b6e04._.js:1:25311)
    at i (C:\Users\gabri\Documents\GitHub\gabrieltoth.com\.next\server\chunks\ssr\src_81a800ca._.js:1:4308) {
  code: 'MISSING_MESSAGE',
  originalMessage: 'auth (pt-BR)'
}
Error: MISSING_MESSAGE: auth (pt-BR)
    at <unknown> (C:\Users\gabri\Documents\GitHub\gabrieltoth.com\.next\server\chunks\ssr\_d49b6e04._.js:1:25311)
    at i (C:\Users\gabri\Documents\GitHub\gabrieltoth.com\.next\server\chunks\ssr\src_81a800ca._.js:1:4308) {
  code: 'MISSING_MESSAGE',
  originalMessage: 'auth (pt-BR)'
}
Error: MISSING_MESSAGE: auth (pt-BR)
    at <unknown> (C:\Users\gabri\Documents\GitHub\gabrieltoth.com\.next\server\chunks\ssr\_d49b6e04._.js:1:25311)
    at i (C:\Users\gabri\Documents\GitHub\gabrieltoth.com\.next\server\chunks\ssr\src_81a800ca._.js:1:4308) {
  code: 'MISSING_MESSAGE',
  originalMessage: 'auth (pt-BR)'
}
Error: MISSING_MESSAGE: auth (pt-BR)
    at <unknown> (C:\Users\gabri\Documents\GitHub\gabrieltoth.com\.next\server\chunks\ssr\_d49b6e04._.js:1:25311)
    at i (C:\Users\gabri\Documents\GitHub\gabrieltoth.com\.next\server\chunks\ssr\src_81a800ca._.js:1:4308) {
  code: 'MISSING_MESSAGE',
  originalMessage: 'auth (pt-BR)'
}
Error: MISSING_MESSAGE: auth (pt-BR)
    at <unknown> (C:\Users\gabri\Documents\GitHub\gabrieltoth.com\.next\server\chunks\ssr\_d49b6e04._.js:1:25311)
    at i (C:\Users\gabri\Documents\GitHub\gabrieltoth.com\.next\server\chunks\ssr\src_81a800ca._.js:1:4308) {
  code: 'MISSING_MESSAGE',
  originalMessage: 'auth (pt-BR)'
}
Error: MISSING_MESSAGE: auth (pt-BR)
    at <unknown> (C:\Users\gabri\Documents\GitHub\gabrieltoth.com\.next\server\chunks\ssr\_d49b6e04._.js:1:25311)
    at i (C:\Users\gabri\Documents\GitHub\gabrieltoth.com\.next\server\chunks\ssr\src_81a800ca._.js:1:4308) {
  code: 'MISSING_MESSAGE',
  originalMessage: 'auth (pt-BR)'
}
Error: MISSING_MESSAGE: auth (pt-BR)
    at <unknown> (C:\Users\gabri\Documents\GitHub\gabrieltoth.com\.next\server\chunks\ssr\_d49b6e04._.js:1:25311)
    at i (C:\Users\gabri\Documents\GitHub\gabrieltoth.com\.next\server\chunks\ssr\src_81a800ca._.js:1:4308) {
  code: 'MISSING_MESSAGE',
  originalMessage: 'auth (pt-BR)'
}
Error: MISSING_MESSAGE: auth (pt-BR)
    at <unknown> (C:\Users\gabri\Documents\GitHub\gabrieltoth.com\.next\server\chunks\ssr\_d49b6e04._.js:1:25311)
    at i (C:\Users\gabri\Documents\GitHub\gabrieltoth.com\.next\server\chunks\ssr\src_81a800ca._.js:1:4308) {
  code: 'MISSING_MESSAGE',
  originalMessage: 'auth (pt-BR)'
}
Error: MISSING_MESSAGE: auth (pt-BR)
    at <unknown> (C:\Users\gabri\Documents\GitHub\gabrieltoth.com\.next\server\chunks\ssr\_d49b6e04._.js:1:25311)
    at i (C:\Users\gabri\Documents\GitHub\gabrieltoth.com\.next\server\chunks\ssr\src_81a800ca._.js:1:4308) {
  code: 'MISSING_MESSAGE',
  originalMessage: 'auth (pt-BR)'
}
Error: MISSING_MESSAGE: auth (es)
    at <unknown> (C:\Users\gabri\Documents\GitHub\gabrieltoth.com\.next\server\chunks\ssr\_d49b6e04._.js:1:25311)
    at i (C:\Users\gabri\Documents\GitHub\gabrieltoth.com\.next\server\chunks\ssr\src_81a800ca._.js:1:4308) {
  code: 'MISSING_MESSAGE',
  originalMessage: 'auth (es)'
}
Error: MISSING_MESSAGE: auth (es)
    at <unknown> (C:\Users\gabri\Documents\GitHub\gabrieltoth.com\.next\server\chunks\ssr\_d49b6e04._.js:1:25311)
    at i (C:\Users\gabri\Documents\GitHub\gabrieltoth.com\.next\server\chunks\ssr\src_81a800ca._.js:1:4308) {
  code: 'MISSING_MESSAGE',
  originalMessage: 'auth (es)'
}
Error: MISSING_MESSAGE: auth (es)
    at <unknown> (C:\Users\gabri\Documents\GitHub\gabrieltoth.com\.next\server\chunks\ssr\_d49b6e04._.js:1:25311)
    at i (C:\Users\gabri\Documents\GitHub\gabrieltoth.com\.next\server\chunks\ssr\src_81a800ca._.js:1:4308) {
  code: 'MISSING_MESSAGE',
  originalMessage: 'auth (es)'
}
Error: MISSING_MESSAGE: auth (es)
    at <unknown> (C:\Users\gabri\Documents\GitHub\gabrieltoth.com\.next\server\chunks\ssr\_d49b6e04._.js:1:25311)
    at i (C:\Users\gabri\Documents\GitHub\gabrieltoth.com\.next\server\chunks\ssr\src_81a800ca._.js:1:4308) {
  code: 'MISSING_MESSAGE',
  originalMessage: 'auth (es)'
}
Error: MISSING_MESSAGE: auth (es)
    at <unknown> (C:\Users\gabri\Documents\GitHub\gabrieltoth.com\.next\server\chunks\ssr\_d49b6e04._.js:1:25311)
    at i (C:\Users\gabri\Documents\GitHub\gabrieltoth.com\.next\server\chunks\ssr\src_81a800ca._.js:1:4308) {
  code: 'MISSING_MESSAGE',
  originalMessage: 'auth (es)'
}
Error: MISSING_MESSAGE: auth (es)
    at <unknown> (C:\Users\gabri\Documents\GitHub\gabrieltoth.com\.next\server\chunks\ssr\_d49b6e04._.js:1:25311)
    at i (C:\Users\gabri\Documents\GitHub\gabrieltoth.com\.next\server\chunks\ssr\src_81a800ca._.js:1:4308) {
  code: 'MISSING_MESSAGE',
  originalMessage: 'auth (es)'
}
Error: MISSING_MESSAGE: auth (es)
    at <unknown> (C:\Users\gabri\Documents\GitHub\gabrieltoth.com\.next\server\chunks\ssr\_d49b6e04._.js:1:25311)
    at i (C:\Users\gabri\Documents\GitHub\gabrieltoth.com\.next\server\chunks\ssr\src_81a800ca._.js:1:4308) {
  code: 'MISSING_MESSAGE',
  originalMessage: 'auth (es)'
}
Error: MISSING_MESSAGE: auth (es)
    at <unknown> (C:\Users\gabri\Documents\GitHub\gabrieltoth.com\.next\server\chunks\ssr\_d49b6e04._.js:1:25311)
    at i (C:\Users\gabri\Documents\GitHub\gabrieltoth.com\.next\server\chunks\ssr\src_81a800ca._.js:1:4308) {
  code: 'MISSING_MESSAGE',
  originalMessage: 'auth (es)'
}
Error: MISSING_MESSAGE: auth (es)
    at <unknown> (C:\Users\gabri\Documents\GitHub\gabrieltoth.com\.next\server\chunks\ssr\_d49b6e04._.js:1:25311)
    at i (C:\Users\gabri\Documents\GitHub\gabrieltoth.com\.next\server\chunks\ssr\src_81a800ca._.js:1:4308) {
  code: 'MISSING_MESSAGE',
  originalMessage: 'auth (es)'
}
Error: MISSING_MESSAGE: auth (es)
    at <unknown> (C:\Users\gabri\Documents\GitHub\gabrieltoth.com\.next\server\chunks\ssr\_d49b6e04._.js:1:25311)
    at i (C:\Users\gabri\Documents\GitHub\gabrieltoth.com\.next\server\chunks\ssr\src_81a800ca._.js:1:4308) {
  code: 'MISSING_MESSAGE',
  originalMessage: 'auth (es)'
}
Error: MISSING_MESSAGE: auth (de)
    at <unknown> (C:\Users\gabri\Documents\GitHub\gabrieltoth.com\.next\server\chunks\ssr\_d49b6e04._.js:1:25311)
    at i (C:\Users\gabri\Documents\GitHub\gabrieltoth.com\.next\server\chunks\ssr\src_81a800ca._.js:1:4308) {
  code: 'MISSING_MESSAGE',
  originalMessage: 'auth (de)'
}
Error: MISSING_MESSAGE: auth (de)
    at <unknown> (C:\Users\gabri\Documents\GitHub\gabrieltoth.com\.next\server\chunks\ssr\_d49b6e04._.js:1:25311)
    at i (C:\Users\gabri\Documents\GitHub\gabrieltoth.com\.next\server\chunks\ssr\src_81a800ca._.js:1:4308) {
  code: 'MISSING_MESSAGE',
  originalMessage: 'auth (de)'
}
Error: MISSING_MESSAGE: auth (de)
    at <unknown> (C:\Users\gabri\Documents\GitHub\gabrieltoth.com\.next\server\chunks\ssr\_d49b6e04._.js:1:25311)
    at i (C:\Users\gabri\Documents\GitHub\gabrieltoth.com\.next\server\chunks\ssr\src_81a800ca._.js:1:4308) {
  code: 'MISSING_MESSAGE',
  originalMessage: 'auth (de)'
}
Error: MISSING_MESSAGE: auth (de)
    at <unknown> (C:\Users\gabri\Documents\GitHub\gabrieltoth.com\.next\server\chunks\ssr\_d49b6e04._.js:1:25311)
    at i (C:\Users\gabri\Documents\GitHub\gabrieltoth.com\.next\server\chunks\ssr\src_81a800ca._.js:1:4308) {
  code: 'MISSING_MESSAGE',
  originalMessage: 'auth (de)'
}
Error: MISSING_MESSAGE: auth (de)
    at <unknown> (C:\Users\gabri\Documents\GitHub\gabrieltoth.com\.next\server\chunks\ssr\_d49b6e04._.js:1:25311)
    at i (C:\Users\gabri\Documents\GitHub\gabrieltoth.com\.next\server\chunks\ssr\src_81a800ca._.js:1:4308) {
  code: 'MISSING_MESSAGE',
  originalMessage: 'auth (de)'
}
Error: MISSING_MESSAGE: auth (de)
    at <unknown> (C:\Users\gabri\Documents\GitHub\gabrieltoth.com\.next\server\chunks\ssr\_d49b6e04._.js:1:25311)
    at i (C:\Users\gabri\Documents\GitHub\gabrieltoth.com\.next\server\chunks\ssr\src_81a800ca._.js:1:4308) {
  code: 'MISSING_MESSAGE',
  originalMessage: 'auth (de)'
}
Error: MISSING_MESSAGE: auth (de)
    at <unknown> (C:\Users\gabri\Documents\GitHub\gabrieltoth.com\.next\server\chunks\ssr\_d49b6e04._.js:1:25311)
    at i (C:\Users\gabri\Documents\GitHub\gabrieltoth.com\.next\server\chunks\ssr\src_81a800ca._.js:1:4308) {
  code: 'MISSING_MESSAGE',
  originalMessage: 'auth (de)'
}
Error: MISSING_MESSAGE: auth (de)
    at <unknown> (C:\Users\gabri\Documents\GitHub\gabrieltoth.com\.next\server\chunks\ssr\_d49b6e04._.js:1:25311)
    at i (C:\Users\gabri\Documents\GitHub\gabrieltoth.com\.next\server\chunks\ssr\src_81a800ca._.js:1:4308) {
  code: 'MISSING_MESSAGE',
  originalMessage: 'auth (de)'
}
Error: MISSING_MESSAGE: auth (de)
    at <unknown> (C:\Users\gabri\Documents\GitHub\gabrieltoth.com\.next\server\chunks\ssr\_d49b6e04._.js:1:25311)
    at i (C:\Users\gabri\Documents\GitHub\gabrieltoth.com\.next\server\chunks\ssr\src_81a800ca._.js:1:4308) {
  code: 'MISSING_MESSAGE',
  originalMessage: 'auth (de)'
}
Error: MISSING_MESSAGE: auth (de)
    at <unknown> (C:\Users\gabri\Documents\GitHub\gabrieltoth.com\.next\server\chunks\ssr\_d49b6e04._.js:1:25311)
    at i (C:\Users\gabri\Documents\GitHub\gabrieltoth.com\.next\server\chunks\ssr\src_81a800ca._.js:1:4308) {
  code: 'MISSING_MESSAGE',
  originalMessage: 'auth (de)'
}
Error occurred prerendering page "/pt-BR/login". Read more: https://nextjs.org/docs/messages/prerender-error
Error: `getTranslations` is not supported in Client Components.
    at <unknown> (C:\Users\gabri\Documents\GitHub\gabrieltoth.com\.next\server\chunks\ssr\src_81a800ca._.js:1:90)
    at f (C:\Users\gabri\Documents\GitHub\gabrieltoth.com\.next\server\chunks\ssr\src_81a800ca._.js:1:353) {
  digest: '4009068094'
}
Export encountered an error on /[locale]/login/page: /pt-BR/login, exiting the build.
Error occurred prerendering page "/_not-found". Read more: https://nextjs.org/docs/messages/prerender-error
ReferenceError: Header is not defined
    at h (C:\Users\gabri\Documents\GitHub\gabrieltoth.com\.next\server\chunks\ssr\_de90e1db._.js:1:3850) {
  digest: '3927618404'
}
Export encountered an error on /_not-found/page: /_not-found, exiting the build.
Γ¿» Next.js build worker exited with code: 1 and signal: null


 [31mΓ¥»[39m src/__tests__/app/ssr-chunks-serialization.test.ts [2m([22m[2m5 tests[22m[2m | [22m[31m2 failed[39m[2m)[22m[33m 7634[2mms[22m[39m
[31m     [31m├ù[31m should complete build successfully without serialization errors[39m[32m 4[2mms[22m[39m
     [32mΓ£ô[39m should not contain TypeError about non-iterable intermediate values[32m 0[2mms[22m[39m
[31m     [31m├ù[31m should not contain MISSING_MESSAGE errors during SSR[39m[32m 0[2mms[22m[39m
     [32mΓ£ô[39m should generate .next directory with build artifacts[32m 0[2mms[22m[39m
     [32mΓ£ô[39m should have valid build output without errors[32m 0[2mms[22m[39m

[2m Test Files [22m [1m[31m1 failed[39m[22m[90m (1)[39m
[2m      Tests [22m [1m[31m2 failed[39m[22m[2m | [22m[1m[32m3 passed[39m[22m[90m (5)[39m
[2m   Start at [22m 20:23:53
[2m   Duration [22m 8.57s[2m (transform 26ms, setup 104ms, import 20ms, tests 7.63s, environment 683ms)[22m


[31mΓÄ»ΓÄ»ΓÄ»ΓÄ»ΓÄ»ΓÄ»ΓÄ»[39m[1m[41m Failed Tests 2 [49m[22m[31mΓÄ»ΓÄ»ΓÄ»ΓÄ»ΓÄ»ΓÄ»ΓÄ»[39m

[41m[1m FAIL [22m[49m src/__tests__/app/ssr-chunks-serialization.test.ts[2m > [22mSSR Chunks Serialization - Bug Condition Exploration[2m > [22mshould 
complete build successfully without serialization errors
[31m[1mAssertionError[22m: expected false to be true // Object.is equality[39m

[32m- Expected[39m
[31m+ Received[39m

[32m- true[39m
[31m+ false[39m

[36m [2mΓ¥»[22m src/__tests__/app/ssr-chunks-serialization.test.ts:[2m71:32[22m[39m
    [90m 69| [39m            console[33m.[39m[34mlog[39m([32m"Build Error Output:"[39m[33m,[39m buildError)
    [90m 70| [39m        }
    [90m 71| [39m        [34mexpect[39m(buildSucceeded)[33m.[39m[34mtoBe[39m([35mtrue[39m)
    [90m   | [39m                               [31m^[39m
    [90m 72| [39m    })
    [90m 73| [39m

[31m[2mΓÄ»ΓÄ»ΓÄ»ΓÄ»ΓÄ»ΓÄ»ΓÄ»ΓÄ»ΓÄ»ΓÄ»ΓÄ»ΓÄ»ΓÄ»ΓÄ»ΓÄ»ΓÄ»ΓÄ»ΓÄ»ΓÄ»ΓÄ»ΓÄ»ΓÄ»ΓÄ»ΓÄ»[1/2]ΓÄ»[22m[39m

[41m[1m FAIL [22m[49m src/__tests__/app/ssr-chunks-serialization.test.ts[2m > [22mSSR Chunks Serialization - Bug Condition Exploration[2m > [22mshould 
not contain MISSING_MESSAGE errors during SSR
[31m[1mAssertionError[22m: expected true to be false // Object.is equality[39m

[32m- Expected[39m
[31m+ Received[39m

[32m- false[39m
[31m+ true[39m

[36m [2mΓ¥»[22m src/__tests__/app/ssr-chunks-serialization.test.ts:[2m90:40[22m[39m
    [90m 88| [39m        const hasMissingMessageError = buildError.includes("MISSING_MEΓÇª
    [90m 89| [39m
    [90m 90| [39m        [34mexpect[39m(hasMissingMessageError)[33m.[39m[34mtoBe[39m([35mfalse[39m)
    [90m   | [39m                                       [31m^[39m
    [90m 91| [39m    })
    [90m 92| [39m

[31m[2mΓÄ»ΓÄ»ΓÄ»ΓÄ»ΓÄ»ΓÄ»ΓÄ»ΓÄ»ΓÄ»ΓÄ»ΓÄ»ΓÄ»ΓÄ»ΓÄ»ΓÄ»ΓÄ»ΓÄ»ΓÄ»ΓÄ»ΓÄ»ΓÄ»ΓÄ»ΓÄ»ΓÄ»[2/2]ΓÄ»[22m[39m

